../SDK/CMSIS/core_cm4.h:1677:22:__NVIC_EnableIRQ	16	static
../SDK/CMSIS/core_cm4.h:1805:22:__NVIC_SetPriority	16	static
../source/gpio.c:25:6:gpioInit	24	static
../source/gpio.c:61:6:gpioMode	24	static
../source/gpio.c:77:6:gpioWrite	24	static
../source/gpio.c:95:6:gpioToggle	24	static
../source/gpio.c:108:6:gpioRead	24	static
../source/gpio.c:120:6:fallingEdgeIRQC	24	static
../source/gpio.c:127:6:init_nvic	8	static
../source/gpio.c:134:6:PORTC_IRQHandler	4	static
../source/gpio.c:144:6:testInterruptSW2	8	static
