
Discarded input sections

 .group         0x00000000        0xc ./source/App.o
 .group         0x00000000        0xc ./source/App.o
 .group         0x00000000        0xc ./source/App.o
 .group         0x00000000        0xc ./source/App.o
 .group         0x00000000        0xc ./source/App.o
 .group         0x00000000        0xc ./source/App.o
 .text          0x00000000        0x0 ./source/App.o
 .data          0x00000000        0x0 ./source/App.o
 .bss           0x00000000        0x0 ./source/App.o
 .text.test     0x00000000        0xe ./source/App.o
 .bss.balizas   0x00000000        0x4 ./source/App.o
 .group         0x00000000        0xc ./source/SysTick.o
 .group         0x00000000        0xc ./source/SysTick.o
 .group         0x00000000        0xc ./source/SysTick.o
 .group         0x00000000        0xc ./source/SysTick.o
 .group         0x00000000        0xc ./source/SysTick.o
 .group         0x00000000        0xc ./source/SysTick.o
 .group         0x00000000        0xc ./source/SysTick.o
 .group         0x00000000        0xc ./source/SysTick.o
 .group         0x00000000        0xc ./source/SysTick.o
 .group         0x00000000        0xc ./source/SysTick.o
 .group         0x00000000        0xc ./source/SysTick.o
 .group         0x00000000        0xc ./source/SysTick.o
 .group         0x00000000        0xc ./source/SysTick.o
 .group         0x00000000        0xc ./source/SysTick.o
 .group         0x00000000        0xc ./source/SysTick.o
 .text          0x00000000        0x0 ./source/SysTick.o
 .data          0x00000000        0x0 ./source/SysTick.o
 .bss           0x00000000        0x0 ./source/SysTick.o
 .text.funcallback
                0x00000000        0xe ./source/SysTick.o
 .text.SysTick_Init
                0x00000000       0x38 ./source/SysTick.o
 .debug_macro   0x00000000      0xad8 ./source/SysTick.o
 .debug_macro   0x00000000       0x22 ./source/SysTick.o
 .debug_macro   0x00000000      0x34e ./source/SysTick.o
 .group         0x00000000        0xc ./source/gpio.o
 .group         0x00000000        0xc ./source/gpio.o
 .group         0x00000000        0xc ./source/gpio.o
 .group         0x00000000        0xc ./source/gpio.o
 .group         0x00000000        0xc ./source/gpio.o
 .group         0x00000000        0xc ./source/gpio.o
 .group         0x00000000        0xc ./source/gpio.o
 .group         0x00000000        0xc ./source/gpio.o
 .group         0x00000000        0xc ./source/gpio.o
 .group         0x00000000        0xc ./source/gpio.o
 .group         0x00000000        0xc ./source/gpio.o
 .group         0x00000000        0xc ./source/gpio.o
 .group         0x00000000        0xc ./source/gpio.o
 .group         0x00000000        0xc ./source/gpio.o
 .text          0x00000000        0x0 ./source/gpio.o
 .data          0x00000000        0x0 ./source/gpio.o
 .bss           0x00000000        0x0 ./source/gpio.o
 .debug_macro   0x00000000      0xad8 ./source/gpio.o
 .debug_macro   0x00000000      0x34e ./source/gpio.o
 .debug_macro   0x00000000       0x22 ./source/gpio.o
 .debug_macro   0x00000000       0x3a ./source/gpio.o
 .debug_macro   0x00000000       0x10 ./source/gpio.o
 .debug_macro   0x00000000       0x5c ./source/gpio.o
 .debug_macro   0x00000000       0x1c ./source/gpio.o
 .debug_macro   0x00000000       0x22 ./source/gpio.o
 .debug_macro   0x00000000       0xd9 ./source/gpio.o
 .debug_macro   0x00000000      0xecf ./source/gpio.o
 .debug_macro   0x00000000       0x48 ./source/gpio.o
 .debug_macro   0x00000000     0xe07b ./source/gpio.o
 .debug_macro   0x00000000     0x122b ./source/gpio.o
 .debug_macro   0x00000000       0x16 ./source/gpio.o
 .group         0x00000000        0xc ./SDK/startup/hardware.o
 .group         0x00000000        0xc ./SDK/startup/hardware.o
 .group         0x00000000        0xc ./SDK/startup/hardware.o
 .group         0x00000000        0xc ./SDK/startup/hardware.o
 .group         0x00000000        0xc ./SDK/startup/hardware.o
 .group         0x00000000        0xc ./SDK/startup/hardware.o
 .group         0x00000000        0xc ./SDK/startup/hardware.o
 .group         0x00000000        0xc ./SDK/startup/hardware.o
 .group         0x00000000        0xc ./SDK/startup/hardware.o
 .group         0x00000000        0xc ./SDK/startup/hardware.o
 .group         0x00000000        0xc ./SDK/startup/hardware.o
 .group         0x00000000        0xc ./SDK/startup/hardware.o
 .group         0x00000000        0xc ./SDK/startup/hardware.o
 .text          0x00000000        0x0 ./SDK/startup/hardware.o
 .data          0x00000000        0x0 ./SDK/startup/hardware.o
 .bss           0x00000000        0x0 ./SDK/startup/hardware.o
 .debug_macro   0x00000000      0xad8 ./SDK/startup/hardware.o
 .debug_macro   0x00000000      0x34e ./SDK/startup/hardware.o
 .debug_macro   0x00000000       0x22 ./SDK/startup/hardware.o
 .debug_macro   0x00000000       0x10 ./SDK/startup/hardware.o
 .debug_macro   0x00000000       0x5c ./SDK/startup/hardware.o
 .debug_macro   0x00000000       0x1c ./SDK/startup/hardware.o
 .debug_macro   0x00000000       0x22 ./SDK/startup/hardware.o
 .debug_macro   0x00000000       0xd9 ./SDK/startup/hardware.o
 .debug_macro   0x00000000      0xecf ./SDK/startup/hardware.o
 .debug_macro   0x00000000       0x48 ./SDK/startup/hardware.o
 .debug_macro   0x00000000     0xe07b ./SDK/startup/hardware.o
 .debug_macro   0x00000000     0x122b ./SDK/startup/hardware.o
 .debug_macro   0x00000000       0x16 ./SDK/startup/hardware.o
 .group         0x00000000        0xc ./SDK/startup/main.o
 .group         0x00000000        0xc ./SDK/startup/main.o
 .group         0x00000000        0xc ./SDK/startup/main.o
 .group         0x00000000        0xc ./SDK/startup/main.o
 .group         0x00000000        0xc ./SDK/startup/main.o
 .group         0x00000000        0xc ./SDK/startup/main.o
 .group         0x00000000        0xc ./SDK/startup/main.o
 .group         0x00000000        0xc ./SDK/startup/main.o
 .group         0x00000000        0xc ./SDK/startup/main.o
 .group         0x00000000        0xc ./SDK/startup/main.o
 .group         0x00000000        0xc ./SDK/startup/main.o
 .group         0x00000000        0xc ./SDK/startup/main.o
 .group         0x00000000        0xc ./SDK/startup/main.o
 .text          0x00000000        0x0 ./SDK/startup/main.o
 .data          0x00000000        0x0 ./SDK/startup/main.o
 .bss           0x00000000        0x0 ./SDK/startup/main.o
 .debug_macro   0x00000000      0xad8 ./SDK/startup/main.o
 .debug_macro   0x00000000      0x34e ./SDK/startup/main.o
 .debug_macro   0x00000000       0x22 ./SDK/startup/main.o
 .debug_macro   0x00000000       0x10 ./SDK/startup/main.o
 .debug_macro   0x00000000       0x5c ./SDK/startup/main.o
 .debug_macro   0x00000000       0x1c ./SDK/startup/main.o
 .debug_macro   0x00000000       0x22 ./SDK/startup/main.o
 .debug_macro   0x00000000       0xd9 ./SDK/startup/main.o
 .debug_macro   0x00000000      0xecf ./SDK/startup/main.o
 .debug_macro   0x00000000       0x48 ./SDK/startup/main.o
 .debug_macro   0x00000000     0xe07b ./SDK/startup/main.o
 .debug_macro   0x00000000     0x122b ./SDK/startup/main.o
 .debug_macro   0x00000000       0x16 ./SDK/startup/main.o
 .group         0x00000000        0xc ./SDK/startup/semihost_hardfault.o
 .text          0x00000000        0x0 ./SDK/startup/semihost_hardfault.o
 .data          0x00000000        0x0 ./SDK/startup/semihost_hardfault.o
 .bss           0x00000000        0x0 ./SDK/startup/semihost_hardfault.o
 .debug_macro   0x00000000      0xad8 ./SDK/startup/semihost_hardfault.o
 .group         0x00000000        0xc ./SDK/startup/startup_mk64f12.o
 .text          0x00000000        0x0 ./SDK/startup/startup_mk64f12.o
 .data          0x00000000        0x0 ./SDK/startup/startup_mk64f12.o
 .bss           0x00000000        0x0 ./SDK/startup/startup_mk64f12.o
 .text.PORTC_IRQHandler
                0x00000000        0x8 ./SDK/startup/startup_mk64f12.o
 .debug_macro   0x00000000      0xad8 ./SDK/startup/startup_mk64f12.o
 .group         0x00000000        0xc ./SDK/CMSIS/system_MK64F12.o
 .group         0x00000000        0xc ./SDK/CMSIS/system_MK64F12.o
 .group         0x00000000        0xc ./SDK/CMSIS/system_MK64F12.o
 .group         0x00000000        0xc ./SDK/CMSIS/system_MK64F12.o
 .group         0x00000000        0xc ./SDK/CMSIS/system_MK64F12.o
 .group         0x00000000        0xc ./SDK/CMSIS/system_MK64F12.o
 .group         0x00000000        0xc ./SDK/CMSIS/system_MK64F12.o
 .group         0x00000000        0xc ./SDK/CMSIS/system_MK64F12.o
 .group         0x00000000        0xc ./SDK/CMSIS/system_MK64F12.o
 .group         0x00000000        0xc ./SDK/CMSIS/system_MK64F12.o
 .group         0x00000000        0xc ./SDK/CMSIS/system_MK64F12.o
 .text          0x00000000        0x0 ./SDK/CMSIS/system_MK64F12.o
 .data          0x00000000        0x0 ./SDK/CMSIS/system_MK64F12.o
 .bss           0x00000000        0x0 ./SDK/CMSIS/system_MK64F12.o
 .data.SystemCoreClock
                0x00000000        0x4 ./SDK/CMSIS/system_MK64F12.o
 .text.SystemCoreClockUpdate
                0x00000000      0x28c ./SDK/CMSIS/system_MK64F12.o
 .debug_macro   0x00000000      0xad8 ./SDK/CMSIS/system_MK64F12.o
 .debug_macro   0x00000000      0x34e ./SDK/CMSIS/system_MK64F12.o
 .debug_macro   0x00000000       0x10 ./SDK/CMSIS/system_MK64F12.o
 .debug_macro   0x00000000       0x5c ./SDK/CMSIS/system_MK64F12.o
 .debug_macro   0x00000000       0x1c ./SDK/CMSIS/system_MK64F12.o
 .debug_macro   0x00000000       0x22 ./SDK/CMSIS/system_MK64F12.o
 .debug_macro   0x00000000       0xd9 ./SDK/CMSIS/system_MK64F12.o
 .debug_macro   0x00000000      0xecf ./SDK/CMSIS/system_MK64F12.o
 .debug_macro   0x00000000       0x48 ./SDK/CMSIS/system_MK64F12.o
 .debug_macro   0x00000000     0xe07b ./SDK/CMSIS/system_MK64F12.o
 .debug_macro   0x00000000     0x122b ./SDK/CMSIS/system_MK64F12.o

Memory Configuration

Name             Origin             Length             Attributes
PROGRAM_FLASH    0x00000000         0x00100000         xr
SRAM_UPPER       0x20000000         0x00030000         xrw
SRAM_LOWER       0x1fff0000         0x00010000         xrw
FLEX_RAM         0x14000000         0x00001000         xrw
*default*        0x00000000         0xffffffff

Linker script and memory map

LOAD ./source/App.o
LOAD ./source/SysTick.o
LOAD ./source/gpio.o
LOAD ./SDK/startup/hardware.o
LOAD ./SDK/startup/main.o
LOAD ./SDK/startup/semihost_hardfault.o
LOAD ./SDK/startup/startup_mk64f12.o
LOAD ./SDK/CMSIS/system_MK64F12.o
START GROUP
LOAD /opt/mcuxpresso-ide/ide/plugins/com.nxp.mcuxpresso.tools.linux_25.6.0.202501151204/tools/bin/../lib/gcc/arm-none-eabi/14.2.1/../../../../arm-none-eabi/lib/thumb/v7e-m+fp/hard/libcr_c.a
LOAD /opt/mcuxpresso-ide/ide/plugins/com.nxp.mcuxpresso.tools.linux_25.6.0.202501151204/tools/bin/../lib/gcc/arm-none-eabi/14.2.1/thumb/v7e-m+fp/hard/libcr_eabihelpers.a
LOAD /opt/mcuxpresso-ide/ide/plugins/com.nxp.mcuxpresso.tools.linux_25.6.0.202501151204/tools/bin/../lib/gcc/arm-none-eabi/14.2.1/thumb/v7e-m+fp/hard/libgcc.a
END GROUP
                0x00000000                        __base_PROGRAM_FLASH = 0x0
                0x00000000                        __base_Flash = 0x0
                0x00100000                        __top_PROGRAM_FLASH = 0x100000
                0x00100000                        __top_Flash = 0x100000
                0x20000000                        __base_SRAM_UPPER = 0x20000000
                0x20000000                        __base_RAM = 0x20000000
                0x20030000                        __top_SRAM_UPPER = 0x20030000
                0x20030000                        __top_RAM = 0x20030000
                0x1fff0000                        __base_SRAM_LOWER = 0x1fff0000
                0x1fff0000                        __base_RAM2 = 0x1fff0000
                0x20000000                        __top_SRAM_LOWER = 0x20000000
                0x20000000                        __top_RAM2 = 0x20000000
                0x14000000                        __base_FLEX_RAM = 0x14000000
                0x14000000                        __base_RAM3 = 0x14000000
                0x14001000                        __top_FLEX_RAM = 0x14001000
                0x14001000                        __top_RAM3 = 0x14001000

.text           0x00000000      0xa28
 FILL mask 0xff
                0x00000000                        __vectors_start__ = ABSOLUTE (.)
 *(SORT_BY_ALIGNMENT(.isr_vector))
 .isr_vector    0x00000000      0x198 ./SDK/startup/startup_mk64f12.o
                0x00000000                __Vectors
                0x00000000                g_pfnVectors
                0x00000198                        . = ALIGN (0x4)
                0x00000198                        __section_table_start = .
                0x00000198                        __data_section_table = .
                0x00000198        0x4 LONG 0xa28 LOADADDR (.data)
                0x0000019c        0x4 LONG 0x20000000 ADDR (.data)
                0x000001a0        0x4 LONG 0x0 SIZEOF (.data)
                0x000001a4        0x4 LONG 0xa28 LOADADDR (.data_RAM2)
                0x000001a8        0x4 LONG 0x1fff0000 ADDR (.data_RAM2)
                0x000001ac        0x4 LONG 0x0 SIZEOF (.data_RAM2)
                0x000001b0        0x4 LONG 0xa28 LOADADDR (.data_RAM3)
                0x000001b4        0x4 LONG 0x14000000 ADDR (.data_RAM3)
                0x000001b8        0x4 LONG 0x0 SIZEOF (.data_RAM3)
                0x000001bc                        __data_section_table_end = .
                0x000001bc                        __bss_section_table = .
                0x000001bc        0x4 LONG 0x20000000 ADDR (.bss)
                0x000001c0        0x4 LONG 0x8 SIZEOF (.bss)
                0x000001c4        0x4 LONG 0x1fff0000 ADDR (.bss_RAM2)
                0x000001c8        0x4 LONG 0x0 SIZEOF (.bss_RAM2)
                0x000001cc        0x4 LONG 0x14000000 ADDR (.bss_RAM3)
                0x000001d0        0x4 LONG 0x0 SIZEOF (.bss_RAM3)
                0x000001d4                        __bss_section_table_end = .
                0x000001d4                        __section_table_end = .
 *(SORT_BY_ALIGNMENT(.after_vectors*))
 .after_vectors.reset
                0x000001d4       0x4c ./SDK/startup/startup_mk64f12.o
                0x000001d4                ResetISR
 .after_vectors.init_data
                0x00000220       0x1e ./SDK/startup/startup_mk64f12.o
                0x00000220                data_init
 .after_vectors.init_bss
                0x0000023e       0x12 ./SDK/startup/startup_mk64f12.o
                0x0000023e                bss_init
 .after_vectors
                0x00000250       0x14 ./SDK/startup/startup_mk64f12.o
                0x00000250                NMI_Handler
                0x00000254                MemManage_Handler
                0x00000256                BusFault_Handler
                0x00000258                UsageFault_Handler
                0x0000025a                SVC_Handler
                0x0000025c                DebugMon_Handler
                0x0000025e                PendSV_Handler
                0x00000262                DMA0_DriverIRQHandler
                0x00000262                PORTB_DriverIRQHandler
                0x00000262                DMA12_DriverIRQHandler
                0x00000262                SPI1_DriverIRQHandler
                0x00000262                LPTMR0_DriverIRQHandler
                0x00000262                DMA_Error_DriverIRQHandler
                0x00000262                FTM1_DriverIRQHandler
                0x00000262                FTM2_DriverIRQHandler
                0x00000262                PIT2_DriverIRQHandler
                0x00000262                SDHC_DriverIRQHandler
                0x00000262                I2S0_Tx_DriverIRQHandler
                0x00000262                RTC_Seconds_DriverIRQHandler
                0x00000262                DMA6_DriverIRQHandler
                0x00000262                LLWU_DriverIRQHandler
                0x00000262                MCM_DriverIRQHandler
                0x00000262                MCG_DriverIRQHandler
                0x00000262                ENET_1588_Timer_DriverIRQHandler
                0x00000262                I2C2_DriverIRQHandler
                0x00000262                DAC1_DriverIRQHandler
                0x00000262                CMP1_DriverIRQHandler
                0x00000262                UART5_RX_TX_DriverIRQHandler
                0x00000262                FTM0_DriverIRQHandler
                0x00000262                IntDefaultHandler
                0x00000262                USB0_DriverIRQHandler
                0x00000262                UART5_ERR_DriverIRQHandler
                0x00000262                PORTC_DriverIRQHandler
                0x00000262                DMA11_DriverIRQHandler
                0x00000262                DAC0_DriverIRQHandler
                0x00000262                DMA10_DriverIRQHandler
                0x00000262                CMP2_DriverIRQHandler
                0x00000262                UART2_ERR_DriverIRQHandler
                0x00000262                SPI2_DriverIRQHandler
                0x00000262                LVD_LVW_DriverIRQHandler
                0x00000262                PIT0_DriverIRQHandler
                0x00000262                RNG_DriverIRQHandler
                0x00000262                DMA5_DriverIRQHandler
                0x00000262                DMA4_DriverIRQHandler
                0x00000262                UART2_RX_TX_DriverIRQHandler
                0x00000262                USBDCD_DriverIRQHandler
                0x00000262                UART3_ERR_DriverIRQHandler
                0x00000262                DMA3_DriverIRQHandler
                0x00000262                DMA8_DriverIRQHandler
                0x00000262                DMA9_DriverIRQHandler
                0x00000262                UART0_ERR_DriverIRQHandler
                0x00000262                CMT_DriverIRQHandler
                0x00000262                Reserved71_DriverIRQHandler
                0x00000262                ADC1_DriverIRQHandler
                0x00000262                PORTA_DriverIRQHandler
                0x00000262                DMA14_DriverIRQHandler
                0x00000262                PIT3_DriverIRQHandler
                0x00000262                PIT1_DriverIRQHandler
                0x00000262                WDOG_EWM_DriverIRQHandler
                0x00000262                PDB0_DriverIRQHandler
                0x00000262                RTC_DriverIRQHandler
                0x00000262                I2S0_Rx_DriverIRQHandler
                0x00000262                Read_Collision_DriverIRQHandler
                0x00000262                SWI_DriverIRQHandler
                0x00000262                UART4_RX_TX_DriverIRQHandler
                0x00000262                UART4_ERR_DriverIRQHandler
                0x00000262                UART0_LON_DriverIRQHandler
                0x00000262                DMA1_DriverIRQHandler
                0x00000262                I2C1_DriverIRQHandler
                0x00000262                UART3_RX_TX_DriverIRQHandler
                0x00000262                ENET_Receive_DriverIRQHandler
                0x00000262                DMA13_DriverIRQHandler
                0x00000262                ENET_Error_DriverIRQHandler
                0x00000262                DMA15_DriverIRQHandler
                0x00000262                UART0_RX_TX_DriverIRQHandler
                0x00000262                SPI0_DriverIRQHandler
                0x00000262                ADC0_DriverIRQHandler
                0x00000262                CMP0_DriverIRQHandler
                0x00000262                CAN0_DriverIRQHandler
                0x00000262                FTM3_DriverIRQHandler
                0x00000262                UART1_ERR_DriverIRQHandler
                0x00000262                DMA2_DriverIRQHandler
                0x00000262                ENET_Transmit_DriverIRQHandler
                0x00000262                PORTD_DriverIRQHandler
                0x00000262                PORTE_DriverIRQHandler
                0x00000262                FTFE_DriverIRQHandler
                0x00000262                I2C0_DriverIRQHandler
                0x00000262                DMA7_DriverIRQHandler
                0x00000262                UART1_RX_TX_DriverIRQHandler
                0x00000400                        . = 0x400
 *fill*         0x00000264      0x19c ff
                0x00000400                        PROVIDE (__FLASH_CONFIG_START__ = .)
 *(SORT_BY_ALIGNMENT(.FlashConfig))
 .FlashConfig   0x00000400       0x10 ./SDK/startup/startup_mk64f12.o
                0x00000400                Flash_Config
                0x00000410                        PROVIDE (__FLASH_CONFIG_END__ = .)
                0x00000001                        ASSERT (! ((__FLASH_CONFIG_START__ == __FLASH_CONFIG_END__)), Linker Flash Config Support Enabled, but no .FlashConfig section provided within application)
 *(SORT_BY_ALIGNMENT(.text*))
 .text.SysTick_Handler
                0x00000410       0x20 ./source/SysTick.o
                0x00000410                SysTick_Handler
 .text.__NVIC_EnableIRQ
                0x00000430       0x3c ./source/gpio.o
 .text.__NVIC_SetPriority
                0x0000046c       0x54 ./source/gpio.o
 .text.init_pins
                0x000004c0       0x7c ./source/gpio.o
                0x000004c0                init_pins
 .text.PORTC_IRQHandler
                0x0000053c       0x28 ./source/gpio.o
                0x0000053c                PORTC_IRQHandler
 .text.hw_Init  0x00000564      0x108 ./SDK/startup/hardware.o
                0x00000564                hw_Init
 .text.hw_EnableInterrupts
                0x0000066c       0x30 ./SDK/startup/hardware.o
                0x0000066c                hw_EnableInterrupts
 .text.hw_DisableInterrupts
                0x0000069c       0x20 ./SDK/startup/hardware.o
                0x0000069c                hw_DisableInterrupts
 .text.SystemInit
                0x000006bc       0x3c ./SDK/CMSIS/system_MK64F12.o
                0x000006bc                SystemInit
 .text.App_Init
                0x000006f8       0x10 ./source/App.o
                0x000006f8                App_Init
 .text.App_Run  0x00000708        0xe ./source/App.o
                0x00000708                App_Run
 .text.init_nvic
                0x00000716       0x16 ./source/gpio.o
                0x00000716                init_nvic
 .text.main     0x0000072c       0x1a ./SDK/startup/main.o
                0x0000072c                main
 .text.HardFault_Handler
                0x00000746       0x2c ./SDK/startup/semihost_hardfault.o
                0x00000746                HardFault_Handler
 .text.DMA0_IRQHandler
                0x00000772        0x8 ./SDK/startup/startup_mk64f12.o
                0x00000772                DMA0_IRQHandler
 .text.DMA1_IRQHandler
                0x0000077a        0x8 ./SDK/startup/startup_mk64f12.o
                0x0000077a                DMA1_IRQHandler
 .text.DMA2_IRQHandler
                0x00000782        0x8 ./SDK/startup/startup_mk64f12.o
                0x00000782                DMA2_IRQHandler
 .text.DMA3_IRQHandler
                0x0000078a        0x8 ./SDK/startup/startup_mk64f12.o
                0x0000078a                DMA3_IRQHandler
 .text.DMA4_IRQHandler
                0x00000792        0x8 ./SDK/startup/startup_mk64f12.o
                0x00000792                DMA4_IRQHandler
 .text.DMA5_IRQHandler
                0x0000079a        0x8 ./SDK/startup/startup_mk64f12.o
                0x0000079a                DMA5_IRQHandler
 .text.DMA6_IRQHandler
                0x000007a2        0x8 ./SDK/startup/startup_mk64f12.o
                0x000007a2                DMA6_IRQHandler
 .text.DMA7_IRQHandler
                0x000007aa        0x8 ./SDK/startup/startup_mk64f12.o
                0x000007aa                DMA7_IRQHandler
 .text.DMA8_IRQHandler
                0x000007b2        0x8 ./SDK/startup/startup_mk64f12.o
                0x000007b2                DMA8_IRQHandler
 .text.DMA9_IRQHandler
                0x000007ba        0x8 ./SDK/startup/startup_mk64f12.o
                0x000007ba                DMA9_IRQHandler
 .text.DMA10_IRQHandler
                0x000007c2        0x8 ./SDK/startup/startup_mk64f12.o
                0x000007c2                DMA10_IRQHandler
 .text.DMA11_IRQHandler
                0x000007ca        0x8 ./SDK/startup/startup_mk64f12.o
                0x000007ca                DMA11_IRQHandler
 .text.DMA12_IRQHandler
                0x000007d2        0x8 ./SDK/startup/startup_mk64f12.o
                0x000007d2                DMA12_IRQHandler
 .text.DMA13_IRQHandler
                0x000007da        0x8 ./SDK/startup/startup_mk64f12.o
                0x000007da                DMA13_IRQHandler
 .text.DMA14_IRQHandler
                0x000007e2        0x8 ./SDK/startup/startup_mk64f12.o
                0x000007e2                DMA14_IRQHandler
 .text.DMA15_IRQHandler
                0x000007ea        0x8 ./SDK/startup/startup_mk64f12.o
                0x000007ea                DMA15_IRQHandler
 .text.DMA_Error_IRQHandler
                0x000007f2        0x8 ./SDK/startup/startup_mk64f12.o
                0x000007f2                DMA_Error_IRQHandler
 .text.MCM_IRQHandler
                0x000007fa        0x8 ./SDK/startup/startup_mk64f12.o
                0x000007fa                MCM_IRQHandler
 .text.FTFE_IRQHandler
                0x00000802        0x8 ./SDK/startup/startup_mk64f12.o
                0x00000802                FTFE_IRQHandler
 .text.Read_Collision_IRQHandler
                0x0000080a        0x8 ./SDK/startup/startup_mk64f12.o
                0x0000080a                Read_Collision_IRQHandler
 .text.LVD_LVW_IRQHandler
                0x00000812        0x8 ./SDK/startup/startup_mk64f12.o
                0x00000812                LVD_LVW_IRQHandler
 .text.LLWU_IRQHandler
                0x0000081a        0x8 ./SDK/startup/startup_mk64f12.o
                0x0000081a                LLWU_IRQHandler
 .text.WDOG_EWM_IRQHandler
                0x00000822        0x8 ./SDK/startup/startup_mk64f12.o
                0x00000822                WDOG_EWM_IRQHandler
 .text.RNG_IRQHandler
                0x0000082a        0x8 ./SDK/startup/startup_mk64f12.o
                0x0000082a                RNG_IRQHandler
 .text.I2C0_IRQHandler
                0x00000832        0x8 ./SDK/startup/startup_mk64f12.o
                0x00000832                I2C0_IRQHandler
 .text.I2C1_IRQHandler
                0x0000083a        0x8 ./SDK/startup/startup_mk64f12.o
                0x0000083a                I2C1_IRQHandler
 .text.SPI0_IRQHandler
                0x00000842        0x8 ./SDK/startup/startup_mk64f12.o
                0x00000842                SPI0_IRQHandler
 .text.SPI1_IRQHandler
                0x0000084a        0x8 ./SDK/startup/startup_mk64f12.o
                0x0000084a                SPI1_IRQHandler
 .text.I2S0_Tx_IRQHandler
                0x00000852        0x8 ./SDK/startup/startup_mk64f12.o
                0x00000852                I2S0_Tx_IRQHandler
 .text.I2S0_Rx_IRQHandler
                0x0000085a        0x8 ./SDK/startup/startup_mk64f12.o
                0x0000085a                I2S0_Rx_IRQHandler
 .text.UART0_LON_IRQHandler
                0x00000862        0x8 ./SDK/startup/startup_mk64f12.o
                0x00000862                UART0_LON_IRQHandler
 .text.UART0_RX_TX_IRQHandler
                0x0000086a        0x8 ./SDK/startup/startup_mk64f12.o
                0x0000086a                UART0_RX_TX_IRQHandler
 .text.UART0_ERR_IRQHandler
                0x00000872        0x8 ./SDK/startup/startup_mk64f12.o
                0x00000872                UART0_ERR_IRQHandler
 .text.UART1_RX_TX_IRQHandler
                0x0000087a        0x8 ./SDK/startup/startup_mk64f12.o
                0x0000087a                UART1_RX_TX_IRQHandler
 .text.UART1_ERR_IRQHandler
                0x00000882        0x8 ./SDK/startup/startup_mk64f12.o
                0x00000882                UART1_ERR_IRQHandler
 .text.UART2_RX_TX_IRQHandler
                0x0000088a        0x8 ./SDK/startup/startup_mk64f12.o
                0x0000088a                UART2_RX_TX_IRQHandler
 .text.UART2_ERR_IRQHandler
                0x00000892        0x8 ./SDK/startup/startup_mk64f12.o
                0x00000892                UART2_ERR_IRQHandler
 .text.UART3_RX_TX_IRQHandler
                0x0000089a        0x8 ./SDK/startup/startup_mk64f12.o
                0x0000089a                UART3_RX_TX_IRQHandler
 .text.UART3_ERR_IRQHandler
                0x000008a2        0x8 ./SDK/startup/startup_mk64f12.o
                0x000008a2                UART3_ERR_IRQHandler
 .text.ADC0_IRQHandler
                0x000008aa        0x8 ./SDK/startup/startup_mk64f12.o
                0x000008aa                ADC0_IRQHandler
 .text.CMP0_IRQHandler
                0x000008b2        0x8 ./SDK/startup/startup_mk64f12.o
                0x000008b2                CMP0_IRQHandler
 .text.CMP1_IRQHandler
                0x000008ba        0x8 ./SDK/startup/startup_mk64f12.o
                0x000008ba                CMP1_IRQHandler
 .text.FTM0_IRQHandler
                0x000008c2        0x8 ./SDK/startup/startup_mk64f12.o
                0x000008c2                FTM0_IRQHandler
 .text.FTM1_IRQHandler
                0x000008ca        0x8 ./SDK/startup/startup_mk64f12.o
                0x000008ca                FTM1_IRQHandler
 .text.FTM2_IRQHandler
                0x000008d2        0x8 ./SDK/startup/startup_mk64f12.o
                0x000008d2                FTM2_IRQHandler
 .text.CMT_IRQHandler
                0x000008da        0x8 ./SDK/startup/startup_mk64f12.o
                0x000008da                CMT_IRQHandler
 .text.RTC_IRQHandler
                0x000008e2        0x8 ./SDK/startup/startup_mk64f12.o
                0x000008e2                RTC_IRQHandler
 .text.RTC_Seconds_IRQHandler
                0x000008ea        0x8 ./SDK/startup/startup_mk64f12.o
                0x000008ea                RTC_Seconds_IRQHandler
 .text.PIT0_IRQHandler
                0x000008f2        0x8 ./SDK/startup/startup_mk64f12.o
                0x000008f2                PIT0_IRQHandler
 .text.PIT1_IRQHandler
                0x000008fa        0x8 ./SDK/startup/startup_mk64f12.o
                0x000008fa                PIT1_IRQHandler
 .text.PIT2_IRQHandler
                0x00000902        0x8 ./SDK/startup/startup_mk64f12.o
                0x00000902                PIT2_IRQHandler
 .text.PIT3_IRQHandler
                0x0000090a        0x8 ./SDK/startup/startup_mk64f12.o
                0x0000090a                PIT3_IRQHandler
 .text.PDB0_IRQHandler
                0x00000912        0x8 ./SDK/startup/startup_mk64f12.o
                0x00000912                PDB0_IRQHandler
 .text.USB0_IRQHandler
                0x0000091a        0x8 ./SDK/startup/startup_mk64f12.o
                0x0000091a                USB0_IRQHandler
 .text.USBDCD_IRQHandler
                0x00000922        0x8 ./SDK/startup/startup_mk64f12.o
                0x00000922                USBDCD_IRQHandler
 .text.Reserved71_IRQHandler
                0x0000092a        0x8 ./SDK/startup/startup_mk64f12.o
                0x0000092a                Reserved71_IRQHandler
 .text.DAC0_IRQHandler
                0x00000932        0x8 ./SDK/startup/startup_mk64f12.o
                0x00000932                DAC0_IRQHandler
 .text.MCG_IRQHandler
                0x0000093a        0x8 ./SDK/startup/startup_mk64f12.o
                0x0000093a                MCG_IRQHandler
 .text.LPTMR0_IRQHandler
                0x00000942        0x8 ./SDK/startup/startup_mk64f12.o
                0x00000942                LPTMR0_IRQHandler
 .text.PORTA_IRQHandler
                0x0000094a        0x8 ./SDK/startup/startup_mk64f12.o
                0x0000094a                PORTA_IRQHandler
 .text.PORTB_IRQHandler
                0x00000952        0x8 ./SDK/startup/startup_mk64f12.o
                0x00000952                PORTB_IRQHandler
 .text.PORTD_IRQHandler
                0x0000095a        0x8 ./SDK/startup/startup_mk64f12.o
                0x0000095a                PORTD_IRQHandler
 .text.PORTE_IRQHandler
                0x00000962        0x8 ./SDK/startup/startup_mk64f12.o
                0x00000962                PORTE_IRQHandler
 .text.SWI_IRQHandler
                0x0000096a        0x8 ./SDK/startup/startup_mk64f12.o
                0x0000096a                SWI_IRQHandler
 .text.SPI2_IRQHandler
                0x00000972        0x8 ./SDK/startup/startup_mk64f12.o
                0x00000972                SPI2_IRQHandler
 .text.UART4_RX_TX_IRQHandler
                0x0000097a        0x8 ./SDK/startup/startup_mk64f12.o
                0x0000097a                UART4_RX_TX_IRQHandler
 .text.UART4_ERR_IRQHandler
                0x00000982        0x8 ./SDK/startup/startup_mk64f12.o
                0x00000982                UART4_ERR_IRQHandler
 .text.UART5_RX_TX_IRQHandler
                0x0000098a        0x8 ./SDK/startup/startup_mk64f12.o
                0x0000098a                UART5_RX_TX_IRQHandler
 .text.UART5_ERR_IRQHandler
                0x00000992        0x8 ./SDK/startup/startup_mk64f12.o
                0x00000992                UART5_ERR_IRQHandler
 .text.CMP2_IRQHandler
                0x0000099a        0x8 ./SDK/startup/startup_mk64f12.o
                0x0000099a                CMP2_IRQHandler
 .text.FTM3_IRQHandler
                0x000009a2        0x8 ./SDK/startup/startup_mk64f12.o
                0x000009a2                FTM3_IRQHandler
 .text.DAC1_IRQHandler
                0x000009aa        0x8 ./SDK/startup/startup_mk64f12.o
                0x000009aa                DAC1_IRQHandler
 .text.ADC1_IRQHandler
                0x000009b2        0x8 ./SDK/startup/startup_mk64f12.o
                0x000009b2                ADC1_IRQHandler
 .text.I2C2_IRQHandler
                0x000009ba        0x8 ./SDK/startup/startup_mk64f12.o
                0x000009ba                I2C2_IRQHandler
 .text.CAN0_ORed_Message_buffer_IRQHandler
                0x000009c2        0x8 ./SDK/startup/startup_mk64f12.o
                0x000009c2                CAN0_ORed_Message_buffer_IRQHandler
 .text.CAN0_Bus_Off_IRQHandler
                0x000009ca        0x8 ./SDK/startup/startup_mk64f12.o
                0x000009ca                CAN0_Bus_Off_IRQHandler
 .text.CAN0_Error_IRQHandler
                0x000009d2        0x8 ./SDK/startup/startup_mk64f12.o
                0x000009d2                CAN0_Error_IRQHandler
 .text.CAN0_Tx_Warning_IRQHandler
                0x000009da        0x8 ./SDK/startup/startup_mk64f12.o
                0x000009da                CAN0_Tx_Warning_IRQHandler
 .text.CAN0_Rx_Warning_IRQHandler
                0x000009e2        0x8 ./SDK/startup/startup_mk64f12.o
                0x000009e2                CAN0_Rx_Warning_IRQHandler
 .text.CAN0_Wake_Up_IRQHandler
                0x000009ea        0x8 ./SDK/startup/startup_mk64f12.o
                0x000009ea                CAN0_Wake_Up_IRQHandler
 .text.SDHC_IRQHandler
                0x000009f2        0x8 ./SDK/startup/startup_mk64f12.o
                0x000009f2                SDHC_IRQHandler
 .text.ENET_1588_Timer_IRQHandler
                0x000009fa        0x8 ./SDK/startup/startup_mk64f12.o
                0x000009fa                ENET_1588_Timer_IRQHandler
 .text.ENET_Transmit_IRQHandler
                0x00000a02        0x8 ./SDK/startup/startup_mk64f12.o
                0x00000a02                ENET_Transmit_IRQHandler
 .text.ENET_Receive_IRQHandler
                0x00000a0a        0x8 ./SDK/startup/startup_mk64f12.o
                0x00000a0a                ENET_Receive_IRQHandler
 .text.ENET_Error_IRQHandler
                0x00000a12        0x8 ./SDK/startup/startup_mk64f12.o
                0x00000a12                ENET_Error_IRQHandler
 .text.SystemInitHook
                0x00000a1a        0xe ./SDK/CMSIS/system_MK64F12.o
                0x00000a1a                SystemInitHook
 *(SORT_BY_ALIGNMENT(.rodata) SORT_BY_ALIGNMENT(.rodata.*) SORT_BY_ALIGNMENT(.constdata) SORT_BY_ALIGNMENT(.constdata.*))
                0x00000a28                        . = ALIGN (0x8)

.glue_7         0x00000a28        0x0
 .glue_7        0x00000a28        0x0 linker stubs

.glue_7t        0x00000a28        0x0
 .glue_7t       0x00000a28        0x0 linker stubs

.vfp11_veneer   0x00000a28        0x0
 .vfp11_veneer  0x00000a28        0x0 linker stubs

.v4_bx          0x00000a28        0x0
 .v4_bx         0x00000a28        0x0 linker stubs

.iplt           0x00000a28        0x0
 .iplt          0x00000a28        0x0 ./source/App.o

.rel.dyn        0x00000a28        0x0
 .rel.iplt      0x00000a28        0x0 ./source/App.o

.ARM.extab
 *(SORT_BY_ALIGNMENT(.ARM.extab*) SORT_BY_ALIGNMENT(.gnu.linkonce.armextab.*))

.ARM.exidx      0x00000a28        0x0
                0x00000a28                        __exidx_start = .
 *(SORT_BY_ALIGNMENT(.ARM.exidx*) SORT_BY_ALIGNMENT(.gnu.linkonce.armexidx.*))
                0x00000a28                        __exidx_end = .
                0x00000a28                        _etext = .

.m_usb_data
 *(SORT_BY_ALIGNMENT(m_usb_bdt))

.data_RAM2      0x1fff0000        0x0 load address 0x00000a28
 FILL mask 0xff
                [!provide]                        PROVIDE (__start_data_RAM2 = .)
                [!provide]                        PROVIDE (__start_data_SRAM_LOWER = .)
 *(SORT_BY_ALIGNMENT(.ramfunc.$RAM2))
 *(SORT_BY_ALIGNMENT(.ramfunc.$SRAM_LOWER))
 *(SORT_BY_ALIGNMENT(.data.$RAM2))
 *(SORT_BY_ALIGNMENT(.data.$SRAM_LOWER))
 *(SORT_BY_ALIGNMENT(.data.$RAM2.*))
 *(SORT_BY_ALIGNMENT(.data.$SRAM_LOWER.*))
                0x1fff0000                        . = ALIGN (0x8)
                [!provide]                        PROVIDE (__end_data_RAM2 = .)
                [!provide]                        PROVIDE (__end_data_SRAM_LOWER = .)

.data_RAM3      0x14000000        0x0 load address 0x00000a28
 FILL mask 0xff
                [!provide]                        PROVIDE (__start_data_RAM3 = .)
                [!provide]                        PROVIDE (__start_data_FLEX_RAM = .)
 *(SORT_BY_ALIGNMENT(.ramfunc.$RAM3))
 *(SORT_BY_ALIGNMENT(.ramfunc.$FLEX_RAM))
 *(SORT_BY_ALIGNMENT(.data.$RAM3))
 *(SORT_BY_ALIGNMENT(.data.$FLEX_RAM))
 *(SORT_BY_ALIGNMENT(.data.$RAM3.*))
 *(SORT_BY_ALIGNMENT(.data.$FLEX_RAM.*))
                0x14000000                        . = ALIGN (0x8)
                [!provide]                        PROVIDE (__end_data_RAM3 = .)
                [!provide]                        PROVIDE (__end_data_FLEX_RAM = .)

.uninit_RESERVED
                0x20000000        0x0
                0x20000000                        _start_uninit_RESERVED = .
 *(SORT_BY_ALIGNMENT(.bss.$RESERVED*))
                0x20000000                        . = ALIGN (0x8)
                0x20000000                        _end_uninit_RESERVED = .

.data           0x20000000        0x0 load address 0x00000a28
 FILL mask 0xff
                0x20000000                        _data = .
                [!provide]                        PROVIDE (__start_data_RAM = .)
                [!provide]                        PROVIDE (__start_data_SRAM_UPPER = .)
 *(SORT_BY_ALIGNMENT(vtable))
 *(SORT_BY_ALIGNMENT(.ramfunc*))
 *(SORT_BY_ALIGNMENT(CodeQuickAccess))
 *(SORT_BY_ALIGNMENT(DataQuickAccess))
 *(SORT_BY_ALIGNMENT(RamFunction))
 *(SORT_BY_ALIGNMENT(.data*))
                0x20000000                        . = ALIGN (0x8)
                0x20000000                        _edata = .
                [!provide]                        PROVIDE (__end_data_RAM = .)
                [!provide]                        PROVIDE (__end_data_SRAM_UPPER = .)

.igot.plt       0x20000000        0x0 load address 0x00000a28
 .igot.plt      0x20000000        0x0 ./source/App.o

.bss_RAM2       0x1fff0000        0x0
                [!provide]                        PROVIDE (__start_bss_RAM2 = .)
                [!provide]                        PROVIDE (__start_bss_SRAM_LOWER = .)
 *(SORT_BY_ALIGNMENT(.bss.$RAM2))
 *(SORT_BY_ALIGNMENT(.bss.$SRAM_LOWER))
 *(SORT_BY_ALIGNMENT(.bss.$RAM2.*))
 *(SORT_BY_ALIGNMENT(.bss.$SRAM_LOWER.*))
                0x1fff0000                        . = ALIGN ((. != 0x0)?0x8:0x1)
                [!provide]                        PROVIDE (__end_bss_RAM2 = .)
                [!provide]                        PROVIDE (__end_bss_SRAM_LOWER = .)

.bss_RAM3       0x14000000        0x0
                [!provide]                        PROVIDE (__start_bss_RAM3 = .)
                [!provide]                        PROVIDE (__start_bss_FLEX_RAM = .)
 *(SORT_BY_ALIGNMENT(.bss.$RAM3))
 *(SORT_BY_ALIGNMENT(.bss.$FLEX_RAM))
 *(SORT_BY_ALIGNMENT(.bss.$RAM3.*))
 *(SORT_BY_ALIGNMENT(.bss.$FLEX_RAM.*))
                0x14000000                        . = ALIGN ((. != 0x0)?0x8:0x1)
                [!provide]                        PROVIDE (__end_bss_RAM3 = .)
                [!provide]                        PROVIDE (__end_bss_FLEX_RAM = .)

.bss            0x20000000        0x8
                0x20000000                        _bss = .
                [!provide]                        PROVIDE (__start_bss_RAM = .)
                [!provide]                        PROVIDE (__start_bss_SRAM_UPPER = .)
 *(SORT_BY_ALIGNMENT(.bss*))
 .bss.delay     0x20000000        0x4 ./source/App.o
                0x20000000                delay
 .bss.__LDM_interruptDisableCount
                0x20000004        0x4 ./SDK/startup/hardware.o
 *(SORT_BY_ALIGNMENT(COMMON))
                0x20000008                        . = ALIGN (0x8)
                0x20000008                        _ebss = .
                [!provide]                        PROVIDE (__end_bss_RAM = .)
                [!provide]                        PROVIDE (__end_bss_SRAM_UPPER = .)
                [!provide]                        PROVIDE (end = .)

.noinit_RAM2    0x1fff0000        0x0
                [!provide]                        PROVIDE (__start_noinit_RAM2 = .)
                [!provide]                        PROVIDE (__start_noinit_SRAM_LOWER = .)
 *(SORT_BY_ALIGNMENT(.noinit.$RAM2))
 *(SORT_BY_ALIGNMENT(.noinit.$SRAM_LOWER))
 *(SORT_BY_ALIGNMENT(.noinit.$RAM2.*))
 *(SORT_BY_ALIGNMENT(.noinit.$SRAM_LOWER.*))
                0x1fff0000                        . = ALIGN (0x8)
                [!provide]                        PROVIDE (__end_noinit_RAM2 = .)
                [!provide]                        PROVIDE (__end_noinit_SRAM_LOWER = .)

.noinit_RAM3    0x14000000        0x0
                [!provide]                        PROVIDE (__start_noinit_RAM3 = .)
                [!provide]                        PROVIDE (__start_noinit_FLEX_RAM = .)
 *(SORT_BY_ALIGNMENT(.noinit.$RAM3))
 *(SORT_BY_ALIGNMENT(.noinit.$FLEX_RAM))
 *(SORT_BY_ALIGNMENT(.noinit.$RAM3.*))
 *(SORT_BY_ALIGNMENT(.noinit.$FLEX_RAM.*))
                0x14000000                        . = ALIGN (0x8)
                [!provide]                        PROVIDE (__end_noinit_RAM3 = .)
                [!provide]                        PROVIDE (__end_noinit_FLEX_RAM = .)

.noinit         0x20000008        0x0
                0x20000008                        _noinit = .
                [!provide]                        PROVIDE (__start_noinit_RAM = .)
                [!provide]                        PROVIDE (__start_noinit_SRAM_UPPER = .)
 *(SORT_BY_ALIGNMENT(.noinit*))
                0x20000008                        . = ALIGN (0x8)
                0x20000008                        _end_noinit = .
                [!provide]                        PROVIDE (__end_noinit_RAM = .)
                [!provide]                        PROVIDE (__end_noinit_SRAM_UPPER = .)
                0x00001000                        _HeapSize = 0x1000

.heap           0x20000008     0x1000
                0x20000008                        _pvHeapStart = .
                0x20001008                        . = (. + _HeapSize)
 *fill*         0x20000008     0x1000 
                0x20001008                        . = ALIGN (0x8)
                0x20001008                        _pvHeapLimit = .
                0x00001000                        _StackSize = 0x1000

.heap2stackfill
                0x20001008     0x1000
                0x20002008                        . = (. + _StackSize)
 *fill*         0x20001008     0x1000 

.stack          0x2002f000        0x0
                0x2002f000                        _vStackBase = .
                0x2002f000                        . = ALIGN (0x8)
                0x20030000                        _vStackTop = (. + _StackSize)
                0x00000000                        _image_start = LOADADDR (.text)
                0x00000a28                        _image_end = (LOADADDR (.data) + SIZEOF (.data))
                0x00000a28                        _image_size = (_image_end - _image_start)
OUTPUT(MyBlink.axf elf32-littlearm)
LOAD linker stubs

.debug_info     0x00000000     0x2689
 .debug_info    0x00000000       0xeb ./source/App.o
 .debug_info    0x000000eb      0x13e ./source/SysTick.o
 .debug_info    0x00000229      0x97d ./source/gpio.o
 .debug_info    0x00000ba6      0x6b2 ./SDK/startup/hardware.o
 .debug_info    0x00001258       0xae ./SDK/startup/main.o
 .debug_info    0x00001306       0x3c ./SDK/startup/semihost_hardfault.o
 .debug_info    0x00001342      0xd0c ./SDK/startup/startup_mk64f12.o
 .debug_info    0x0000204e      0x63b ./SDK/CMSIS/system_MK64F12.o

.debug_abbrev   0x00000000      0x7a4
 .debug_abbrev  0x00000000       0x9d ./source/App.o
 .debug_abbrev  0x0000009d       0xf6 ./source/SysTick.o
 .debug_abbrev  0x00000193      0x174 ./source/gpio.o
 .debug_abbrev  0x00000307      0x12e ./SDK/startup/hardware.o
 .debug_abbrev  0x00000435       0x5c ./SDK/startup/main.o
 .debug_abbrev  0x00000491       0x31 ./SDK/startup/semihost_hardfault.o
 .debug_abbrev  0x000004c2      0x19a ./SDK/startup/startup_mk64f12.o
 .debug_abbrev  0x0000065c      0x148 ./SDK/CMSIS/system_MK64F12.o

.debug_aranges  0x00000000      0x470
 .debug_aranges
                0x00000000       0x30 ./source/App.o
 .debug_aranges
                0x00000030       0x30 ./source/SysTick.o
 .debug_aranges
                0x00000060       0x40 ./source/gpio.o
 .debug_aranges
                0x000000a0       0x30 ./SDK/startup/hardware.o
 .debug_aranges
                0x000000d0       0x20 ./SDK/startup/main.o
 .debug_aranges
                0x000000f0       0x20 ./SDK/startup/semihost_hardfault.o
 .debug_aranges
                0x00000110      0x330 ./SDK/startup/startup_mk64f12.o
 .debug_aranges
                0x00000440       0x30 ./SDK/CMSIS/system_MK64F12.o

.debug_ranges   0x00000000      0x3f0
 .debug_ranges  0x00000000       0x20 ./source/App.o
 .debug_ranges  0x00000020       0x20 ./source/SysTick.o
 .debug_ranges  0x00000040       0x30 ./source/gpio.o
 .debug_ranges  0x00000070       0x20 ./SDK/startup/hardware.o
 .debug_ranges  0x00000090       0x10 ./SDK/startup/main.o
 .debug_ranges  0x000000a0       0x10 ./SDK/startup/semihost_hardfault.o
 .debug_ranges  0x000000b0      0x320 ./SDK/startup/startup_mk64f12.o
 .debug_ranges  0x000003d0       0x20 ./SDK/CMSIS/system_MK64F12.o

.debug_macro    0x00000000    0x11645
 .debug_macro   0x00000000       0x54 ./source/App.o
 .debug_macro   0x00000054      0xad8 ./source/App.o
 .debug_macro   0x00000b2c      0x34e ./source/App.o
 .debug_macro   0x00000e7a       0x22 ./source/App.o
 .debug_macro   0x00000e9c       0x3a ./source/App.o
 .debug_macro   0x00000ed6       0x34 ./source/App.o
 .debug_macro   0x00000f0a       0x10 ./source/App.o
 .debug_macro   0x00000f1a       0xbe ./source/SysTick.o
 .debug_macro   0x00000fd8       0x10 ./source/SysTick.o
 .debug_macro   0x00000fe8       0x5c ./source/SysTick.o
 .debug_macro   0x00001044       0x1c ./source/SysTick.o
 .debug_macro   0x00001060       0x22 ./source/SysTick.o
 .debug_macro   0x00001082       0xd9 ./source/SysTick.o
 .debug_macro   0x0000115b      0xecf ./source/SysTick.o
 .debug_macro   0x0000202a       0x48 ./source/SysTick.o
 .debug_macro   0x00002072     0xe07b ./source/SysTick.o
 .debug_macro   0x000100ed     0x122b ./source/SysTick.o
 .debug_macro   0x00011318       0x16 ./source/SysTick.o
 .debug_macro   0x0001132e       0x40 ./source/SysTick.o
 .debug_macro   0x0001136e       0x3a ./source/SysTick.o
 .debug_macro   0x000113a8       0xab ./source/gpio.o
 .debug_macro   0x00011453       0x9c ./SDK/startup/hardware.o
 .debug_macro   0x000114ef       0x9c ./SDK/startup/main.o
 .debug_macro   0x0001158b       0x11 ./SDK/startup/semihost_hardfault.o
 .debug_macro   0x0001159c       0x29 ./SDK/startup/startup_mk64f12.o
 .debug_macro   0x000115c5       0x80 ./SDK/CMSIS/system_MK64F12.o

.debug_line     0x00000000     0x17b5
 .debug_line    0x00000000      0x13f ./source/App.o
 .debug_line    0x0000013f      0x219 ./source/SysTick.o
 .debug_line    0x00000358      0x283 ./source/gpio.o
 .debug_line    0x000005db      0x2ab ./SDK/startup/hardware.o
 .debug_line    0x00000886      0x1ab ./SDK/startup/main.o
 .debug_line    0x00000a31       0x5f ./SDK/startup/semihost_hardfault.o
 .debug_line    0x00000a90      0xa0d ./SDK/startup/startup_mk64f12.o
 .debug_line    0x0000149d      0x318 ./SDK/CMSIS/system_MK64F12.o

.debug_str      0x00000000    0x78265
 .debug_str     0x00000000    0x78265 ./source/App.o
                               0x3b60 (size before relaxing)
 .debug_str     0x00078265    0x772f3 ./source/SysTick.o
 .debug_str     0x00078265    0x778b3 ./source/gpio.o
 .debug_str     0x00078265    0x77339 ./SDK/startup/hardware.o
 .debug_str     0x00078265    0x77146 ./SDK/startup/main.o
 .debug_str     0x00078265     0x2ead ./SDK/startup/semihost_hardfault.o
 .debug_str     0x00078265     0x3739 ./SDK/startup/startup_mk64f12.o
 .debug_str     0x00078265    0x77258 ./SDK/CMSIS/system_MK64F12.o

.comment        0x00000000       0x45
 .comment       0x00000000       0x45 ./source/App.o
                                 0x46 (size before relaxing)
 .comment       0x00000045       0x46 ./source/SysTick.o
 .comment       0x00000045       0x46 ./source/gpio.o
 .comment       0x00000045       0x46 ./SDK/startup/hardware.o
 .comment       0x00000045       0x46 ./SDK/startup/main.o
 .comment       0x00000045       0x46 ./SDK/startup/semihost_hardfault.o
 .comment       0x00000045       0x46 ./SDK/startup/startup_mk64f12.o
 .comment       0x00000045       0x46 ./SDK/CMSIS/system_MK64F12.o

.ARM.attributes
                0x00000000       0x34
 .ARM.attributes
                0x00000000       0x34 ./source/App.o
 .ARM.attributes
                0x00000034       0x34 ./source/SysTick.o
 .ARM.attributes
                0x00000068       0x34 ./source/gpio.o
 .ARM.attributes
                0x0000009c       0x34 ./SDK/startup/hardware.o
 .ARM.attributes
                0x000000d0       0x34 ./SDK/startup/main.o
 .ARM.attributes
                0x00000104       0x34 ./SDK/startup/semihost_hardfault.o
 .ARM.attributes
                0x00000138       0x34 ./SDK/startup/startup_mk64f12.o
 .ARM.attributes
                0x0000016c       0x34 ./SDK/CMSIS/system_MK64F12.o

.debug_frame    0x00000000      0xbdc
 .debug_frame   0x00000000       0x6c ./source/App.o
 .debug_frame   0x0000006c       0x80 ./source/SysTick.o
 .debug_frame   0x000000ec       0xbc ./source/gpio.o
 .debug_frame   0x000001a8       0x70 ./SDK/startup/hardware.o
 .debug_frame   0x00000218       0x2c ./SDK/startup/main.o
 .debug_frame   0x00000244       0x20 ./SDK/startup/semihost_hardfault.o
 .debug_frame   0x00000264      0x904 ./SDK/startup/startup_mk64f12.o
 .debug_frame   0x00000b68       0x74 ./SDK/CMSIS/system_MK64F12.o

.debug_loc      0x00000000      0x1f9
 .debug_loc     0x00000000      0x1f9 ./SDK/startup/startup_mk64f12.o
